### D1 quantification, v2.0.0 kernel, defect intact
### run 1  started 2026-09-11 11:23:39 UTC
  [from 3 (q_low edge)] [3, 1000000]
    q=25  gpu=prime cpu=composite
    q=35  gpu=prime cpu=composite
    q=49  gpu=prime cpu=composite
    q=55  gpu=prime cpu=composite
    q=65  gpu=prime cpu=composite
    [range] odds=500000 composites=421503 false_prime=6243 false_composite=0 rate_vs_composites=1.481128%
    -> 6243 mismatches
  [small offset] [999983, 2000000]
    q=999985  gpu=prime cpu=composite
    q=999987  gpu=prime cpu=composite
    q=999989  gpu=prime cpu=composite
    q=999991  gpu=prime cpu=composite
    q=999993  gpu=prime cpu=composite
    [range] odds=500010 composites=429574 false_prime=9653 false_composite=0 rate_vs_composites=2.247110%
    -> 9653 mismatches
  [straddling 2^32] [4294967291, 4295000000]
    q=4294967295  gpu=prime cpu=composite
    q=4294967297  gpu=prime cpu=composite
    q=4294967299  gpu=prime cpu=composite
    q=4294967309  gpu=prime cpu=composite
    q=4294967323  gpu=prime cpu=composite
    [range] odds=16356 composites=14866 false_prime=572 false_composite=0 rate_vs_composites=3.847706%
    -> 572 mismatches
  [1e9] [1000000000, 1000200000]
    q=1000000001  gpu=prime cpu=composite
    q=1000000003  gpu=prime cpu=composite
    q=1000000005  gpu=prime cpu=composite
    q=1000000013  gpu=prime cpu=composite
    q=1000000019  gpu=prime cpu=composite
    [range] odds=100001 composites=90396 false_prime=2778 false_composite=0 rate_vs_composites=3.073145%
    -> 2778 mismatches
  [TILE_ODDS^2 boundary] [1073741824, 1074141824]
    q=1073741825  gpu=prime cpu=composite
    q=1073741829  gpu=prime cpu=composite
    q=1073741845  gpu=prime cpu=composite
    q=1073741849  gpu=prime cpu=composite
    q=1073741851  gpu=prime cpu=composite
    [range] odds=200001 composites=180825 false_prime=5226 false_composite=0 rate_vs_composites=2.890087%
    -> 5226 mismatches
  [1e11] [100000000000, 100000400000]
    q=100000000007  gpu=prime cpu=composite
    q=100000000015  gpu=prime cpu=composite
    q=100000000025  gpu=prime cpu=composite
    q=100000000027  gpu=prime cpu=composite
    q=100000000031  gpu=prime cpu=composite
    [range] odds=200001 composites=184167 false_prime=4145 false_composite=0 rate_vs_composites=2.250675%
    -> 4145 mismatches
  [1e12] [1000000000000, 1000000400000]
    q=1000000000001  gpu=prime cpu=composite
    q=1000000000005  gpu=prime cpu=composite
    q=1000000000013  gpu=prime cpu=composite
    q=1000000000015  gpu=prime cpu=composite
    q=1000000000025  gpu=prime cpu=composite
    [range] odds=200001 composites=185476 false_prime=3808 false_composite=0 rate_vs_composites=2.053096%
    -> 3808 mismatches
  [randomized] 50 ranges below 1e9, 25 up to 1e12

=== D1 QUANTIFICATION (v2.0.0 kernel, defect intact) ===
  launch config      : grid=<per range> block=256 shared=4096 bytes
  odd numbers compared     : 12202140
  of which prime (CPU)     : 1196250
  of which composite (CPU) : 11005890
  disagreements total      : 300156
    composite reported PRIME: 300156
    prime reported COMPOSITE: 0
  rate vs all odds compared: 2.45986360%
  rate vs composites       : 2.72723060%

TOTAL MISMATCHES: 300156
FAIL
### exit=1
