### cmd: /tmp/d1/fixed/test_gpu_sieve
### started: 2026-09-21T09:50:00Z
### binary: test_gpu_sieve, header sieve_kernel_fixed.cuh, sm_120
### harness md5: b89a71af991003c20b65eb58b10372d0
### header md5: 256af21008cb270803b8529f2665a2d0
### note: the harness banner below is hardcoded; this run uses the corrected v2.0.2 kernel
  [from 3 (q_low edge)] [3, 1000000]
    [range] odds=500000 composites=421503 false_prime=0 false_composite=0 rate_vs_composites=0.000000%
    -> 0 mismatches
  [small offset] [999983, 2000000]
    [range] odds=500010 composites=429574 false_prime=0 false_composite=0 rate_vs_composites=0.000000%
    -> 0 mismatches
  [straddling 2^32] [4294967291, 4295000000]
    [range] odds=16356 composites=14866 false_prime=0 false_composite=0 rate_vs_composites=0.000000%
    -> 0 mismatches
  [1e9] [1000000000, 1000200000]
    [range] odds=100001 composites=90396 false_prime=0 false_composite=0 rate_vs_composites=0.000000%
    -> 0 mismatches
  [TILE_ODDS^2 boundary] [1073741824, 1074141824]
    [range] odds=200001 composites=180825 false_prime=0 false_composite=0 rate_vs_composites=0.000000%
    -> 0 mismatches
  [1e11] [100000000000, 100000400000]
    [range] odds=200001 composites=184167 false_prime=0 false_composite=0 rate_vs_composites=0.000000%
    -> 0 mismatches
  [1e12] [1000000000000, 1000000400000]
    [range] odds=200001 composites=185476 false_prime=0 false_composite=0 rate_vs_composites=0.000000%
    -> 0 mismatches
  [randomized] 50 ranges below 1e9, 25 up to 1e12

=== D1 QUANTIFICATION (v2.0.0 kernel, defect intact) ===
  launch config      : grid=<per range> block=256 shared=4096 bytes
  odd numbers compared     : 12202140
  of which prime (CPU)     : 1196250
  of which composite (CPU) : 11005890
  disagreements total      : 0
    composite reported PRIME: 0
    prime reported COMPOSITE: 0
  rate vs all odds compared: 0.00000000%
  rate vs composites       : 0.00000000%

TOTAL MISMATCHES: 0
PASS
