### cmd: /tmp/d1/defective/test_gpu_sieve
### started: 2026-09-21T09:49:51Z
### binary: test_gpu_sieve, header sieve_kernel.cuh, sm_120
### harness md5: b89a71af991003c20b65eb58b10372d0
### header md5: 841cb64c93ae7500c86c677c41e9fa9c
  [from 3 (q_low edge)] [3, 1000000]
    q=25  gpu=prime cpu=composite
    q=35  gpu=prime cpu=composite
    q=49  gpu=prime cpu=composite
    q=55  gpu=prime cpu=composite
    q=65  gpu=prime cpu=composite
    [range] odds=500000 composites=421503 false_prime=6247 false_composite=0 rate_vs_composites=1.482077%
    -> 6247 mismatches
  [small offset] [999983, 2000000]
    q=999985  gpu=prime cpu=composite
    q=999987  gpu=prime cpu=composite
    q=999989  gpu=prime cpu=composite
    q=999991  gpu=prime cpu=composite
    q=999993  gpu=prime cpu=composite
    [range] odds=500010 composites=429574 false_prime=9968 false_composite=0 rate_vs_composites=2.320438%
    -> 9968 mismatches
  [straddling 2^32] [4294967291, 4295000000]
    q=4294967295  gpu=prime cpu=composite
    q=4294967297  gpu=prime cpu=composite
    q=4294967299  gpu=prime cpu=composite
    q=4294967309  gpu=prime cpu=composite
    q=4294967321  gpu=prime cpu=composite
    [range] odds=16356 composites=14866 false_prime=587 false_composite=0 rate_vs_composites=3.948608%
    -> 587 mismatches
  [1e9] [1000000000, 1000200000]
    q=1000000001  gpu=prime cpu=composite
    q=1000000003  gpu=prime cpu=composite
    q=1000000005  gpu=prime cpu=composite
    q=1000000019  gpu=prime cpu=composite
    q=1000000025  gpu=prime cpu=composite
    [range] odds=100001 composites=90396 false_prime=2894 false_composite=0 rate_vs_composites=3.201469%
    -> 2894 mismatches
  [TILE_ODDS^2 boundary] [1073741824, 1074141824]
    q=1073741825  gpu=prime cpu=composite
    q=1073741829  gpu=prime cpu=composite
    q=1073741845  gpu=prime cpu=composite
    q=1073741849  gpu=prime cpu=composite
    q=1073741851  gpu=prime cpu=composite
    [range] odds=200001 composites=180825 false_prime=5217 false_composite=0 rate_vs_composites=2.885110%
    -> 5217 mismatches
  [1e11] [100000000000, 100000400000]
    q=100000000007  gpu=prime cpu=composite
    q=100000000015  gpu=prime cpu=composite
    q=100000000025  gpu=prime cpu=composite
    q=100000000027  gpu=prime cpu=composite
    q=100000000031  gpu=prime cpu=composite
    [range] odds=200001 composites=184167 false_prime=4226 false_composite=0 rate_vs_composites=2.294656%
    -> 4226 mismatches
  [1e12] [1000000000000, 1000000400000]
    q=1000000000001  gpu=prime cpu=composite
    q=1000000000005  gpu=prime cpu=composite
    q=1000000000013  gpu=prime cpu=composite
    q=1000000000015  gpu=prime cpu=composite
    q=1000000000025  gpu=prime cpu=composite
    [range] odds=200001 composites=185476 false_prime=3861 false_composite=0 rate_vs_composites=2.081671%
    -> 3861 mismatches
  [randomized] 50 ranges below 1e9, 25 up to 1e12

=== D1 QUANTIFICATION (v2.0.0 kernel, defect intact) ===
  launch config      : grid=<per range> block=256 shared=4096 bytes
  odd numbers compared     : 12202140
  of which prime (CPU)     : 1196250
  of which composite (CPU) : 11005890
  disagreements total      : 300517
    composite reported PRIME: 300517
    prime reported COMPOSITE: 0
  rate vs all odds compared: 2.46282210%
  rate vs composites       : 2.73051066%

TOTAL MISMATCHES: 300517
FAIL
