### binary: build/bin/goldbach (v2.0.1)
### cmd: build/bin/goldbach 10000000000 --seg-size=200000000 --p-small=1000000 --batch-size=2000000
### started: 2026-09-11 10:15:33 UTC
[Hardware] GPU 0: NVIDIA GeForce RTX 5090 (32606 MB VRAM)
Building small primes bitset up to 1000001...
Pre-generating CPU primes up to 100000000...
Initialization completed in 226.146 ms.

--- Launching Multi-GPU Verifier ---
Checking range : [4, 10000000000]
Total numbers  : 4999999999


--- Verification Complete ---
All even numbers up to 10000000000 satisfy Goldbach. ✓
Total computation time : 1.02365 seconds
Phase 2 fallbacks      : 0
	Command being timed: "build/bin/goldbach 10000000000 --seg-size=200000000 --p-small=1000000 --batch-size=2000000"
	User time (seconds): 1.39
	System time (seconds): 0.13
	Percent of CPU this job got: 111%
	Elapsed (wall clock) time (h:mm:ss or m:ss): 0:01.36
	Average shared text size (kbytes): 0
	Average unshared data size (kbytes): 0
	Average stack size (kbytes): 0
	Average total size (kbytes): 0
	Maximum resident set size (kbytes): 166128
	Average resident set size (kbytes): 0
	Major (requiring I/O) page faults: 130
	Minor (reclaiming a frame) page faults: 42320
	Voluntary context switches: 853
	Involuntary context switches: 5
	Swaps: 0
	File system inputs: 18974
	File system outputs: 0
	Socket messages sent: 0
	Socket messages received: 0
	Signals delivered: 0
	Page size (bytes): 4096
	Exit status: 0
### exit=0
