### cmd: build/bin/goldbach 1000000000000 --seg-size=200000000 --p-small=1000000 --batch-size=2000000
### started: 2026-09-10 08:18:27 UTC
[Hardware] GPU 0: NVIDIA GeForce RTX 5090 (32606 MB VRAM)
Building small primes bitset up to 1000001...
Pre-generating CPU primes up to 100000000...
Initialization completed in 235.326 ms.

--- Launching Multi-GPU Verifier ---
Checking range : [4, 1000000000000]
Total numbers  : 499999999999


--- Verification Complete ---
All even numbers up to 1000000000000 satisfy Goldbach. ✓
Total computation time : 145.619 seconds
Phase 2 fallbacks      : 0
	Command being timed: "build/bin/goldbach 1000000000000 --seg-size=200000000 --p-small=1000000 --batch-size=2000000"
	User time (seconds): 145.70
	System time (seconds): 0.39
	Percent of CPU this job got: 100%
	Elapsed (wall clock) time (h:mm:ss or m:ss): 2:25.97
	Average shared text size (kbytes): 0
	Average unshared data size (kbytes): 0
	Average stack size (kbytes): 0
	Average total size (kbytes): 0
	Maximum resident set size (kbytes): 166404
	Average resident set size (kbytes): 0
	Major (requiring I/O) page faults: 130
	Minor (reclaiming a frame) page faults: 42344
	Voluntary context switches: 3735
	Involuntary context switches: 1487
	Swaps: 0
	File system inputs: 18974
	File system outputs: 0
	Socket messages sent: 0
	Socket messages received: 0
	Signals delivered: 0
	Page size (bytes): 4096
	Exit status: 0
### exit=0
